        Name:   Edit Protocol Edit Rate Test
        Desc:   Verify that all essence tracks have valid edit rates.
        Result: Passed
        Passing Requirements: REQ_EP_091; REQ_EP_092; REQ_EP_099; REQ_EP_100
        Warning Requirements: None
        Failing Requirements: None

