        Name:   Edit Protocol Header Test
        Desc:   Verify the AAF file header is valid.
        Result: Passed
        Covered Requirements: REQ_EP_255
        Noted Requirements: None
        Passing Requirements: None
        Warning Requirements: None
        Failing Requirements: None

