        Name:   Edit Protocol Header Test
        Desc:   Verify the AAF file header is valid.
        Result: Failed
        Reason: Test Failed - See "Edit Protocol Header Visitor" Visitor for details
        Passing Requirements: None
        Warning Requirements: None
        Failing Requirements: REQ_EP_255

            Name:   Edit Protocol Header Visitor
            Desc:   Visit the AAF File Header and verify it meets the Edit Protocol requirements.
            Result: Failed
            Reason: Header::OperationalPattern property is not equal to OpEditProtocol.
            Passing Requirements: None
            Warning Requirements: None
            Failing Requirements: REQ_EP_255

