        Name:   Edit Protocol Header Test
        Desc:   Verify the AAF file header is valid.
        Result: Failed
        Reason: 
        Passing Requirements: None
        Warning Requirements: None
        Failing Requirements: REQ_EP_255

            Name:   Protocol Label
            Desc:   Header::OperationalPattern should be equal to OpEditProtocol.
            Result: Failed
            Reason: Header::OperationalPattern property is not present.
            Passing Requirements: None
            Warning Requirements: None
            Failing Requirements: REQ_EP_255

