        Name:   Edit Protocol Naming Test
        Desc:   Verify the correctness of mob names.
        Result: Failed
        Reason: Test Failed - See "Edit Protocol Naming Visitor" Visitor for details
        Passing Requirements: REQ_EP_161
        Warning Requirements: None
        Failing Requirements: REQ_EP_027; REQ_EP_032; REQ_EP_038; REQ_EP_047; REQ_EP_052; REQ_EP_057; REQ_EP_073; REQ_EP_081; REQ_EP_086; REQ_EP_101

            Name:   Edit Protocol Naming Visitor
            Desc:   Visit derivation chain mobs and verify they have valid names.
            Result: Failed
            Reason: 
            Passing Requirements: REQ_EP_161
            Warning Requirements: None
            Failing Requirements: REQ_EP_027; REQ_EP_032; REQ_EP_038; REQ_EP_047; REQ_EP_052; REQ_EP_057; REQ_EP_073; REQ_EP_081; REQ_EP_086; REQ_EP_101

                Name:   Edit Protocol Naming Visitor
                Desc:   -
                Detail: Mob ID: 02020202020202020202020202020202-00000002-0002-0002-0202020202020202
                Result: Failed
                Reason: Top-Level Composition does not have a valid name.
                Passing Requirements: None
                Warning Requirements: None
                Failing Requirements: REQ_EP_027

                Name:   Edit Protocol Naming Visitor
                Desc:   -
                Detail: Mob ID: 04040404040404040404040404040404-00000004-0004-0004-0404040404040404
                Result: Failed
                Reason: Lower-Level Composition does not have a valid name.
                Passing Requirements: None
                Warning Requirements: None
                Failing Requirements: REQ_EP_032

                Name:   Edit Protocol Naming Visitor
                Desc:   -
                Detail: Mob ID: 06060606060606060606060606060606-00000006-0006-0006-0606060606060606
                Result: Failed
                Reason: Sub-Clip Composition does not have a valid name.
                Passing Requirements: None
                Warning Requirements: None
                Failing Requirements: REQ_EP_038

                Name:   Edit Protocol Naming Visitor
                Desc:   -
                Detail: Mob ID: 08080808080808080808080808080808-00000008-0008-0008-0808080808080808
                Result: Failed
                Reason: Adjusted-Clip Composition does not have a valid name.
                Passing Requirements: None
                Warning Requirements: None
                Failing Requirements: REQ_EP_047

                Name:   Edit Protocol Naming Visitor
                Desc:   -
                Detail: Mob ID: 0a0a0a0a0a0a0a0a0a0a0a0a0a0a0a0a-0000000a-000a-000a-0a0a0a0a0a0a0a0a
                Result: Failed
                Reason: Template Clip does not have a valid name.
                Passing Requirements: None
                Warning Requirements: None
                Failing Requirements: REQ_EP_052

                Name:   Edit Protocol Naming Visitor
                Desc:   -
                Detail: Mob ID: 0c0c0c0c0c0c0c0c0c0c0c0c0c0c0c0c-0000000c-000c-000c-0c0c0c0c0c0c0c0c
                Result: Failed
                Reason: Clip does not have a valid name.
                Passing Requirements: None
                Warning Requirements: None
                Failing Requirements: REQ_EP_057

                Name:   Edit Protocol Naming Visitor
                Desc:   -
                Detail: Mob ID: 10101010101010101010101010101010-00000010-0010-0010-1010101010101010
                Result: Failed
                Reason: Recording Source does not have a valid name.
                Passing Requirements: None
                Warning Requirements: None
                Failing Requirements: REQ_EP_073

                Name:   Edit Protocol Naming Visitor
                Desc:   -
                Detail: Mob ID: 14141414141414141414141414141414-00000014-0014-0014-1414141414141414
                Result: Failed
                Reason: Tape Source does not have a valid name.
                Passing Requirements: None
                Warning Requirements: None
                Failing Requirements: REQ_EP_081

                Name:   Edit Protocol Naming Visitor
                Desc:   -
                Detail: Mob ID: 16161616161616161616161616161616-00000016-0016-0016-1616161616161616
                Result: Failed
                Reason: Film Source does not have a valid name.
                Passing Requirements: None
                Warning Requirements: None
                Failing Requirements: REQ_EP_086

                Name:   Edit Protocol Naming Visitor
                Desc:   -
                Result: Failed
                Reason: MobSlot with ID = 1 of Top-Level Composition: "Essence - Static Audio - Top-Level B" does not have a valid name.
                Passing Requirements: None
                Warning Requirements: None
                Failing Requirements: REQ_EP_101

                Name:   Edit Protocol Naming Visitor
                Desc:   -
                Result: Failed
                Reason: MobSlot with ID = 1 of Top-Level Composition: "Essence - Static Picture - Top-Level B" does not have a valid name.
                Passing Requirements: None
                Warning Requirements: None
                Failing Requirements: REQ_EP_101

                Name:   Edit Protocol Naming Visitor
                Desc:   -
                Result: Failed
                Reason: MobSlot with ID = 1 of Top-Level Composition: "Essence - Timeline Audio - Top-Level B" does not have a valid name.
                Passing Requirements: None
                Warning Requirements: None
                Failing Requirements: REQ_EP_101

                Name:   Edit Protocol Naming Visitor
                Desc:   -
                Result: Failed
                Reason: MobSlot with ID = 1 of Top-Level Composition: "Essence - Timeline Picture - Top-Level B" does not have a valid name.
                Passing Requirements: None
                Warning Requirements: None
                Failing Requirements: REQ_EP_101

                Name:   Edit Protocol Naming Visitor
                Desc:   -
                Result: Failed
                Reason: Top-Level Composition "Duplicate: Top-Level" does not have a unique composition name.
                Passing Requirements: None
                Warning Requirements: None
                Failing Requirements: REQ_EP_027

                Name:   Edit Protocol Naming Visitor
                Desc:   -
                Result: Failed
                Reason: Top-Level Composition "Duplicate: Top-Level/Adjusted Clip" does not have a unique composition name.
                Passing Requirements: None
                Warning Requirements: None
                Failing Requirements: REQ_EP_027

                Name:   Edit Protocol Naming Visitor
                Desc:   -
                Result: Failed
                Reason: Top-Level Composition "Duplicate: Top-Level/Lower-Level" does not have a unique composition name.
                Passing Requirements: None
                Warning Requirements: None
                Failing Requirements: REQ_EP_027

                Name:   Edit Protocol Naming Visitor
                Desc:   -
                Result: Failed
                Reason: Top-Level Composition "Duplicate: Top-Level/Sub-Clip" does not have a unique composition name.
                Passing Requirements: None
                Warning Requirements: None
                Failing Requirements: REQ_EP_027

                Name:   Edit Protocol Naming Visitor
                Desc:   -
                Result: Failed
                Reason: Lower-Level Composition "Duplicate: Lower-Level" does not have a unique composition name.
                Passing Requirements: None
                Warning Requirements: None
                Failing Requirements: REQ_EP_032

                Name:   Edit Protocol Naming Visitor
                Desc:   -
                Result: Failed
                Reason: Lower-Level Composition "Duplicate: Lower-Level/Adjusted Clip" does not have a unique composition name.
                Passing Requirements: None
                Warning Requirements: None
                Failing Requirements: REQ_EP_032

                Name:   Edit Protocol Naming Visitor
                Desc:   -
                Result: Failed
                Reason: Lower-Level Composition "Duplicate: Lower-Level/Sub-Clip" does not have a unique composition name.
                Passing Requirements: None
                Warning Requirements: None
                Failing Requirements: REQ_EP_032

                Name:   Edit Protocol Naming Visitor
                Desc:   -
                Result: Failed
                Reason: Lower-Level Composition "Duplicate: Top-Level/Lower-Level" does not have a unique composition name.
                Passing Requirements: None
                Warning Requirements: None
                Failing Requirements: REQ_EP_032

                Name:   Edit Protocol Naming Visitor
                Desc:   -
                Result: Failed
                Reason: Essence Track "Different Mob Duplicate Static Audio" does not have a unique essence track name.
                Passing Requirements: None
                Warning Requirements: None
                Failing Requirements: REQ_EP_101

                Name:   Edit Protocol Naming Visitor
                Desc:   -
                Result: Failed
                Reason: Essence Track "Different Mob Duplicate Static Picture" does not have a unique essence track name.
                Passing Requirements: None
                Warning Requirements: None
                Failing Requirements: REQ_EP_101

                Name:   Edit Protocol Naming Visitor
                Desc:   -
                Result: Failed
                Reason: Essence Track "Different Mob Duplicate Timeline Audio" does not have a unique essence track name.
                Passing Requirements: None
                Warning Requirements: None
                Failing Requirements: REQ_EP_101

                Name:   Edit Protocol Naming Visitor
                Desc:   -
                Result: Failed
                Reason: Essence Track "Different Mob Duplicate Timeline Picture" does not have a unique essence track name.
                Passing Requirements: None
                Warning Requirements: None
                Failing Requirements: REQ_EP_101

                Name:   Edit Protocol Naming Visitor
                Desc:   -
                Result: Failed
                Reason: Essence Track "Same Mob Duplicate Static Audio" does not have a unique essence track name.
                Passing Requirements: None
                Warning Requirements: None
                Failing Requirements: REQ_EP_101

                Name:   Edit Protocol Naming Visitor
                Desc:   -
                Result: Failed
                Reason: Essence Track "Same Mob Duplicate Static Picture" does not have a unique essence track name.
                Passing Requirements: None
                Warning Requirements: None
                Failing Requirements: REQ_EP_101

                Name:   Edit Protocol Naming Visitor
                Desc:   -
                Result: Failed
                Reason: Essence Track "Same Mob Duplicate Timeline Audio" does not have a unique essence track name.
                Passing Requirements: None
                Warning Requirements: None
                Failing Requirements: REQ_EP_101

                Name:   Edit Protocol Naming Visitor
                Desc:   -
                Result: Failed
                Reason: Essence Track "Same Mob Duplicate Timeline Picture" does not have a unique essence track name.
                Passing Requirements: None
                Warning Requirements: None
                Failing Requirements: REQ_EP_101

