        Name:   Edit Protocol Track Contents Test
        Desc:   Verify the correctness of data within the tracks of Edit Protocol mobs.
        Result: Failed
        Reason: Test Failed - See "Edit Protocol Track Contents Visitor" Visitor for details
        Passing Requirements: None
        Warning Requirements: None
        Failing Requirements: REQ_EP_103

            Name:   Edit Protocol Track Contents Visitor
            Desc:   Visit derivation chain material and make sure that their tracks contain the necessary data.
            Result: Failed
            Reason: 
            Passing Requirements: None
            Warning Requirements: None
            Failing Requirements: REQ_EP_103

                Name:   Edit Protocol Track Contents Visitor
                Desc:   -
                Result: Failed
                Reason: Slot with ID 1 in Top-Level Composition: "Top-Level Essence Without Physical Track Number" does not have a MobSlot::PhysicalTrackNumber property.
                Passing Requirements: None
                Warning Requirements: None
                Failing Requirements: REQ_EP_103

                Name:   Edit Protocol Track Contents Visitor
                Desc:   -
                Result: Failed
                Reason: Slot with ID 1 in Lower-Level Composition: "Lower-Level Essence Without Physical Track Number" does not have a MobSlot::PhysicalTrackNumber property.
                Passing Requirements: None
                Warning Requirements: None
                Failing Requirements: REQ_EP_103

                Name:   Edit Protocol Track Contents Visitor
                Desc:   -
                Result: Failed
                Reason: Slot with ID 1 in Adjusted-Clip Composition: "Adjusted Clip Essence Without Physical Track Number" does not have a MobSlot::PhysicalTrackNumber property.
                Passing Requirements: None
                Warning Requirements: None
                Failing Requirements: REQ_EP_103

                Name:   Edit Protocol Track Contents Visitor
                Desc:   -
                Result: Failed
                Reason: Slot with ID 1 in Sub-Clip Composition: "Sub-Clip Essence Without Physical Track Number" does not have a MobSlot::PhysicalTrackNumber property.
                Passing Requirements: None
                Warning Requirements: None
                Failing Requirements: REQ_EP_103

                Name:   Edit Protocol Track Contents Visitor
                Desc:   -
                Result: Failed
                Reason: Slot with ID 1 in Template Clip: "Template Essence Without Physical Track Number" does not have a MobSlot::PhysicalTrackNumber property.
                Passing Requirements: None
                Warning Requirements: None
                Failing Requirements: REQ_EP_103

                Name:   Edit Protocol Track Contents Visitor
                Desc:   -
                Result: Failed
                Reason: Slot with ID 1 in Clip: "Clip Essence Without Physical Track Number" does not have a MobSlot::PhysicalTrackNumber property.
                Passing Requirements: None
                Warning Requirements: None
                Failing Requirements: REQ_EP_103

                Name:   Edit Protocol Track Contents Visitor
                Desc:   -
                Result: Failed
                Reason: Slot with ID 1 in Recording Source: "Recording Source Essence Without Physical Track Number" does not have a MobSlot::PhysicalTrackNumber property.
                Passing Requirements: None
                Warning Requirements: None
                Failing Requirements: REQ_EP_103

                Name:   Edit Protocol Track Contents Visitor
                Desc:   -
                Result: Failed
                Reason: Slot with ID 1 in Import Source: "Import Source Essence Without Physical Track Number" does not have a MobSlot::PhysicalTrackNumber property.
                Passing Requirements: None
                Warning Requirements: None
                Failing Requirements: REQ_EP_103

                Name:   Edit Protocol Track Contents Visitor
                Desc:   -
                Result: Failed
                Reason: Slot with ID 1 in Tape Source: "Tape Source Essence Without Physical Track Number" does not have a MobSlot::PhysicalTrackNumber property.
                Passing Requirements: None
                Warning Requirements: None
                Failing Requirements: REQ_EP_103

                Name:   Edit Protocol Track Contents Visitor
                Desc:   -
                Result: Failed
                Reason: Slot with ID 1 in Film Source: "Film Source Essence Without Physical Track Number" does not have a MobSlot::PhysicalTrackNumber property.
                Passing Requirements: None
                Warning Requirements: None
                Failing Requirements: REQ_EP_103

